---
source: greycat-analyzer-syntax/tests/snapshot.rs
assertion_line: 134
expression: "fn main() {\n    var flags = node<IdentityFlags> { IdentityFlags { identity_id: id.id, email_verified: false, created_at: time::now() } };\n}\n"
---
(module
  (fn_decl
    name: (ident 'main')
    params: (fn_params '()')
    body: (block
      (var_decl
        name: (ident 'flags')
        (initializer
          expr: (object_expr
            type: (type_ident
              name: (ident 'node')
              params: (type_ident
                name: (ident 'IdentityFlags')
              )
            )
            (object_initializers
              (object_expr
                type: (type_ident
                  name: (ident 'IdentityFlags')
                )
                (object_fields
                  (object_field
                    name: (ident 'identity_id')
                    value: (member_expr
                      (ident 'id')
                      property: (ident 'id')
                    )
                  )
                  (object_field
                    name: (ident 'email_verified')
                    value: (false 'false')
                  )
                  (object_field
                    name: (ident 'created_at')
                    value: (call_expr
                      fn: (static_expr
                        (type_ident
                          name: (ident 'time')
                        )
                        property: (ident 'now')
                      )
                      (args '()')
                    )
                  )
                )
              )
            )
          )
        )
      )
    )
  )
)
