---
source: greycat-analyzer-syntax/tests/snapshot.rs
assertion_line: 134
expression: "fn f(profile: P) {\n    var flags = node<IdentityFlags> {\n        IdentityFlags {\n            identity_id: profile->id,\n            email_verified: false,\n        }\n    };\n}\n"
---
(module
  (fn_decl
    name: (ident 'f')
    params: (fn_params
      param: (fn_param
        name: (ident 'profile')
        type: (type_ident
          name: (ident 'P')
        )
      )
    )
    body: (block
      (var_decl
        name: (ident 'flags')
        (initializer
          expr: (object_expr
            type: (type_ident
              name: (ident 'node')
              params: (type_ident
                name: (ident 'IdentityFlags')
              )
            )
            (object_initializers
              (object_expr
                type: (type_ident
                  name: (ident 'IdentityFlags')
                )
                (object_fields
                  (object_field
                    name: (ident 'identity_id')
                    value: (arrow_expr
                      (ident 'profile')
                      property: (ident 'id')
                    )
                  )
                  (object_field
                    name: (ident 'email_verified')
                    value: (false 'false')
                  )
                )
              )
            )
          )
        )
      )
    )
  )
)
